--- Startup times for process: Primary (or UI client) ---

times in msec
 clock   self+sourced   self:  sourced script
 clock   elapsed:              other lines

000.001  000.001: --- NVIM STARTING ---
000.239  000.238: event init
000.482  000.243: early init
000.788  000.306: locale set
000.825  000.038: init first window
001.416  000.591: inits 1
001.426  000.010: window checked
001.747  000.321: parsing arguments
002.358  000.046  000.046: require('vim._core.shared')
002.430  000.005  000.005: require('string.buffer')
002.452  000.041  000.036: require('vim.inspect')
002.496  000.037  000.037: require('vim._core.options')
002.498  000.136  000.058: require('vim._core.editor')
002.523  000.024  000.024: require('vim._core.system')
002.524  000.250  000.044: require('vim._init_packages')
002.526  000.530: init lua interpreter
006.918  004.391: nvim_ui_attach
007.286  000.369: nvim_set_client_info
007.288  000.001: --- NVIM STARTED ---

--- Startup times for process: Embedded ---

times in msec
 clock   self+sourced   self:  sourced script
 clock   elapsed:              other lines

000.000  000.000: --- NVIM STARTING ---
000.119  000.119: event init
000.258  000.139: early init
000.451  000.193: locale set
000.473  000.022: init first window
001.117  000.644: inits 1
001.160  000.043: window checked
001.391  000.231: parsing arguments
001.821  000.033  000.033: require('vim._core.shared')
001.874  000.004  000.004: require('string.buffer')
001.891  000.032  000.028: require('vim.inspect')
001.923  000.027  000.027: require('vim._core.options')
001.924  000.102  000.043: require('vim._core.editor')
001.941  000.016  000.016: require('vim._core.system')
001.942  000.177  000.026: require('vim._init_packages')
001.943  000.376: init lua interpreter
004.112  002.168: expanding arguments
004.134  000.022: inits 2
004.365  000.231: init highlight
004.366  000.001: waiting for UI
004.508  000.142: done waiting for UI
004.517  000.009: clear screen
004.650  000.009  000.009: require('vim.keymap')
005.519  000.130  000.130: sourcing nvim_exec2()
005.543  000.004  000.004: require('vim._core.log')
008.069  003.547  003.404: require('vim._core.defaults')
008.072  000.008: init default mappings & autocommands
008.979  000.064  000.064: sourcing /opt/homebrew/Cellar/neovim/0.12.1/share/nvim/runtime/ftplugin.vim
009.099  000.025  000.025: sourcing /opt/homebrew/Cellar/neovim/0.12.1/share/nvim/runtime/indent.vim
009.786  000.448  000.448: require('settings')
010.295  000.507  000.507: require('keymaps')
010.479  000.183  000.183: require('autocmd')
011.653  000.062  000.062: sourcing /opt/homebrew/Cellar/neovim/0.12.1/share/nvim/runtime/pack/dist/opt/nvim.undotree/plugin/undotree.lua
011.719  001.236  001.174: sourcing nvim_exec2() called at /Users/martynasmuizys/.config/nvim/init.lua:0
011.723  002.489  000.115: sourcing /Users/martynasmuizys/.config/nvim/init.lua
011.736  001.086: sourcing vimrc file(s)
011.921  000.037  000.037: sourcing nvim_exec2() called at /opt/homebrew/Cellar/neovim/0.12.1/share/nvim/runtime/filetype.lua:0
011.923  000.117  000.080: sourcing /opt/homebrew/Cellar/neovim/0.12.1/share/nvim/runtime/filetype.lua
012.139  000.054  000.054: sourcing /opt/homebrew/Cellar/neovim/0.12.1/share/nvim/runtime/syntax/synload.vim
012.207  000.199  000.144: sourcing /opt/homebrew/Cellar/neovim/0.12.1/share/nvim/runtime/syntax/syntax.vim
013.246  000.040  000.040: sourcing /Users/martynasmuizys/.config/nvim/plugin/cloak.lua
014.479  000.179  000.179: require('vim._async')
014.487  001.150  000.971: require('vim.pack')
014.532  000.031  000.031: require('vim.fs')
014.616  000.003  000.003: require('vim.F')
015.114  000.312  000.312: require('vim.version')
015.847  002.550  001.054: sourcing /Users/martynasmuizys/.config/nvim/plugin/colors.lua
016.426  000.034  000.034: sourcing /Users/martynasmuizys/.local/share/nvim/site/pack/core/opt/conform.nvim/plugin/conform.lua
016.522  000.626  000.592: sourcing /Users/martynasmuizys/.config/nvim/plugin/conform.lua
017.861  000.683  000.683: sourcing /Users/martynasmuizys/.local/share/nvim/site/pack/core/opt/vim-fugitive/plugin/fugitive.vim
018.009  000.007  000.007: sourcing /Users/martynasmuizys/.local/share/nvim/site/pack/core/opt/vim-fugitive/ftdetect/fugitive.vim
018.103  001.536  000.846: sourcing /Users/martynasmuizys/.config/nvim/plugin/fugitive.lua
019.568  000.029  000.029: sourcing /Users/martynasmuizys/.local/share/nvim/site/pack/core/opt/plenary.nvim/plugin/plenary.vim
019.663  001.514  001.485: sourcing /Users/martynasmuizys/.config/nvim/plugin/harpoon.lua
020.477  000.204  000.204: sourcing /Users/martynasmuizys/.local/share/nvim/site/pack/core/opt/nvim-lspconfig/plugin/lspconfig.lua
023.264  000.864  000.864: require('vim.lsp.protocol')
023.281  001.094  000.230: require('vim.lsp.log')
024.288  001.004  001.004: require('vim.lsp.util')
024.767  000.229  000.229: require('vim.lsp.sync')
024.771  000.481  000.251: require('vim.lsp._changetracking')
025.280  000.182  000.182: require('vim.lsp._transport')
025.286  000.006  000.006: require('vim._core.stringbuffer')
025.292  000.520  000.333: require('vim.lsp.rpc')
025.313  003.961  000.862: require('vim.lsp')
025.590  000.274  000.274: require('blink.cmp')
026.040  000.199  000.199: require('blink.cmp.lib.async')
026.349  000.126  000.126: require('blink.cmp.config.utils')
026.500  000.150  000.150: require('blink.cmp.config.keymap')
026.739  000.115  000.115: require('blink.cmp.config.completion.keyword')
026.870  000.130  000.130: require('blink.cmp.config.completion.trigger')
026.990  000.119  000.119: require('blink.cmp.config.completion.list')
027.182  000.191  000.191: require('blink.cmp.config.completion.accept')
027.401  000.218  000.218: require('blink.cmp.config.completion.menu')
027.552  000.149  000.149: require('blink.cmp.config.completion.documentation')
027.666  000.112  000.112: require('blink.cmp.config.completion.ghost_text')
027.667  001.166  000.131: require('blink.cmp.config.completion')
027.828  000.160  000.160: require('blink.cmp.config.fuzzy')
027.985  000.156  000.156: require('blink.cmp.config.sources')
028.130  000.144  000.144: require('blink.cmp.config.signature')
028.290  000.159  000.159: require('blink.cmp.config.snippets')
028.406  000.116  000.116: require('blink.cmp.config.appearance')
028.521  000.114  000.114: require('blink.cmp.config.modes.cmdline')
028.624  000.101  000.101: require('blink.cmp.config.modes.term')
028.625  002.584  000.192: require('blink.cmp.config')
028.833  000.207  000.207: require('blink.cmp.lib.utils')
028.954  000.120  000.120: require('blink.cmp.lib.event_emitter')
028.959  003.368  000.257: require('blink.cmp.sources.lib')
029.030  007.737  000.134: sourcing /Users/martynasmuizys/.local/share/nvim/site/pack/core/opt/blink.cmp/plugin/blink-cmp.lua
030.248  010.538  002.597: sourcing /Users/martynasmuizys/.config/nvim/plugin/lsp.lua
031.231  000.021  000.021: sourcing /Users/martynasmuizys/.local/share/nvim/site/pack/core/opt/nvim-web-devicons/plugin/nvim-web-devicons.vim
032.188  000.869  000.869: require('oil')
032.301  000.111  000.111: require('oil.ringbuf')
032.535  000.233  000.233: require('oil.config')
033.522  000.877  000.877: require('vim.filetype')
034.209  000.151  000.151: require('oil.log')
034.224  000.433  000.282: require('oil.fs')
034.852  000.108  000.108: require('oil.constants')
034.862  000.637  000.529: require('oil.util')
034.971  004.677  001.495: sourcing /Users/martynasmuizys/.config/nvim/plugin/oil.lua
035.709  000.018  000.018: sourcing /Users/martynasmuizys/.local/share/nvim/site/pack/core/opt/LuaSnip/plugin/luasnip.vim
036.433  000.107  000.107: require('luasnip.util.types')
036.436  000.266  000.159: require('luasnip.util.ext_opts')
036.839  000.096  000.096: require('luasnip.util.lazy_table')
036.970  000.130  000.130: require('luasnip.extras.filetype_functions')
036.985  000.431  000.205: require('luasnip.default_config')
036.986  000.549  000.118: require('luasnip.session')
036.988  000.988  000.173: require('luasnip.config')
037.007  001.248  000.260: sourcing /Users/martynasmuizys/.local/share/nvim/site/pack/core/opt/LuaSnip/plugin/luasnip.lua
037.484  002.469  001.204: sourcing /Users/martynasmuizys/.config/nvim/plugin/snippets.lua
038.398  000.221  000.221: sourcing /Users/martynasmuizys/.local/share/nvim/site/pack/core/opt/telescope.nvim/plugin/telescope.lua
038.837  001.303  001.082: sourcing /Users/martynasmuizys/.config/nvim/plugin/telescope.lua
041.173  000.188  000.188: require('vim.treesitter.language')
041.302  000.127  000.127: require('vim.func')
041.501  000.198  000.198: require('vim.treesitter._range')
041.661  000.157  000.157: require('vim.func._memoize')
041.683  001.197  000.528: require('vim.treesitter.query')
041.735  001.924  000.727: require('vim.treesitter.languagetree')
041.739  002.236  000.311: require('vim.treesitter')
041.818  002.379  000.143: sourcing /Users/martynasmuizys/.local/share/nvim/site/pack/core/opt/nvim-treesitter/plugin/filetypes.lua
041.971  000.075  000.075: sourcing /Users/martynasmuizys/.local/share/nvim/site/pack/core/opt/nvim-treesitter/plugin/nvim-treesitter.lua
042.108  000.040  000.040: sourcing /Users/martynasmuizys/.local/share/nvim/site/pack/core/opt/nvim-treesitter/plugin/query_predicates.lua
042.596  003.713  001.220: sourcing /Users/martynasmuizys/.config/nvim/plugin/treesitter.lua
042.678  000.034  000.034: sourcing /Users/martynasmuizys/.config/nvim/plugin/trouble.lua
043.617  000.110  000.110: sourcing /opt/homebrew/Cellar/neovim/0.12.1/share/nvim/runtime/plugin/gzip.vim
044.575  000.122  000.122: sourcing /opt/homebrew/Cellar/neovim/0.12.1/share/nvim/runtime/pack/dist/opt/matchit/plugin/matchit.vim
044.621  000.956  000.834: sourcing /opt/homebrew/Cellar/neovim/0.12.1/share/nvim/runtime/plugin/matchit.vim
044.761  000.093  000.093: sourcing /opt/homebrew/Cellar/neovim/0.12.1/share/nvim/runtime/plugin/matchparen.vim
044.821  000.006  000.006: sourcing /opt/homebrew/Cellar/neovim/0.12.1/share/nvim/runtime/plugin/netrwPlugin.vim
044.974  000.103  000.103: sourcing /opt/homebrew/Cellar/neovim/0.12.1/share/nvim/runtime/plugin/rplugin.vim
045.080  000.053  000.053: sourcing /opt/homebrew/Cellar/neovim/0.12.1/share/nvim/runtime/plugin/tarPlugin.vim
045.153  000.017  000.017: sourcing /opt/homebrew/Cellar/neovim/0.12.1/share/nvim/runtime/plugin/tutor.vim
045.281  000.076  000.076: sourcing /opt/homebrew/Cellar/neovim/0.12.1/share/nvim/runtime/plugin/zipPlugin.vim
045.397  000.065  000.065: sourcing /opt/homebrew/Cellar/neovim/0.12.1/share/nvim/runtime/plugin/editorconfig.lua
045.564  000.116  000.116: sourcing /opt/homebrew/Cellar/neovim/0.12.1/share/nvim/runtime/plugin/man.lua
045.812  000.195  000.195: sourcing /opt/homebrew/Cellar/neovim/0.12.1/share/nvim/runtime/plugin/net.lua
046.000  000.132  000.132: sourcing /opt/homebrew/Cellar/neovim/0.12.1/share/nvim/runtime/plugin/osc52.lua
046.192  000.136  000.136: sourcing /opt/homebrew/Cellar/neovim/0.12.1/share/nvim/runtime/plugin/shada.lua
046.309  000.049  000.049: sourcing /opt/homebrew/Cellar/neovim/0.12.1/share/nvim/runtime/plugin/spellfile.lua
046.562  000.038  000.038: sourcing /opt/homebrew/Cellar/neovim/0.12.1/share/nvim/runtime/pack/dist/opt/nvim.undotree/plugin/undotree.lua
046.586  003.389: loading rtp plugins
046.815  000.229: loading packages
046.828  000.012: loading after plugins
046.832  000.005: inits 3
047.735  000.903: reading ShaDa
048.968  000.651  000.651: require('oil.actions')
049.167  000.194  000.194: require('oil.layout')
049.168  001.379  000.535: require('oil.keymap_util')
049.318  000.149  000.149: require('oil.loading')
050.013  000.190  000.190: require('oil.cache')
050.917  000.170  000.170: require('nvim-web-devicons.filetypes')
051.355  000.330  000.330: require('nvim-web-devicons.default.icons_by_filename')
051.913  000.556  000.556: require('nvim-web-devicons.default.icons_by_file_extension')
052.078  000.165  000.165: require('nvim-web-devicons.default.icons_by_operating_system')
052.184  000.104  000.104: require('nvim-web-devicons.default.icons_by_desktop_environment')
052.291  000.107  000.107: require('nvim-web-devicons.default.icons_by_window_manager')
052.292  001.367  000.104: require('nvim-web-devicons.icons-default')
052.499  002.021  000.484: require('nvim-web-devicons')
052.502  002.488  000.467: require('oil.columns')
052.508  003.188  000.511: require('oil.view')
053.020  000.140  000.140: require('oil.git')
053.162  000.140  000.140: require('oil.adapters.files.permissions')
053.197  000.680  000.401: require('oil.adapters.files')
054.988  000.037  000.037: sourcing /Users/martynasmuizys/.local/share/nvim/site/pack/core/opt/oil.nvim/syntax/oil.vim
056.902  000.794  000.794: require('luasnip.util.vimversion')
056.905  001.057  000.264: require('luasnip.util.util')
057.128  000.222  000.222: require('luasnip.util.path')
057.692  000.120  000.120: require('luasnip.session.snippet_collection.source')
057.806  000.113  000.113: require('luasnip.util.table')
057.922  000.116  000.116: require('luasnip.util.auto_table')
057.926  000.572  000.223: require('luasnip.session.snippet_collection')
058.259  000.332  000.332: require('luasnip.util.log')
058.262  001.133  000.229: require('luasnip.loaders.util')
058.392  000.129  000.129: require('luasnip.loaders.data')
058.699  000.306  000.306: require('luasnip.loaders.fs_watchers')
058.701  003.052  000.205: require('luasnip.loaders')
059.109  000.170  000.170: require('luasnip.util.directed_graph')
059.232  000.122  000.122: require('luasnip.session.enqueueable_operations')
059.235  000.526  000.234: require('luasnip.loaders.from_lua')
061.219  000.209  000.209: require('luasnip.util.str')
061.327  000.107  000.107: require('luasnip.nodes.key_indexer')
061.504  000.176  000.176: require('luasnip.util.feedkeys')
061.781  000.277  000.277: require('luasnip.nodes.util.snippet_string')
061.785  001.190  000.421: require('luasnip.nodes.util')
061.883  000.098  000.098: require('luasnip.util.events')
061.977  000.092  000.092: require('luasnip.nodes.optional_arg')
061.984  001.698  000.319: require('luasnip.nodes.node')
062.412  000.124  000.124: require('luasnip.util.extend_decorator')
062.422  000.437  000.313: require('luasnip.nodes.insertNode')
062.601  000.179  000.179: require('luasnip.nodes.textNode')
062.783  000.180  000.180: require('luasnip.util.mark')
063.305  000.160  000.160: require('luasnip.util.select')
063.420  000.115  000.115: require('luasnip.util.time')
063.851  000.899  000.624: require('luasnip.util._builtin_vars')
063.928  001.143  000.245: require('luasnip.util.environ')
064.065  000.137  000.137: require('luasnip.util.pattern_tokenizer')
064.186  000.120  000.120: require('luasnip.util.dict')
064.968  000.639  000.639: require('luasnip.util.jsregexp')
064.970  000.783  000.144: require('luasnip.nodes.util.trig_engines')
064.995  005.284  000.606: require('luasnip.nodes.snippet')
064.997  005.399  000.114: require('luasnip.nodes.duplicate')
065.002  005.523  000.124: require('luasnip.loaders.snippet_cache')
065.034  005.797  000.274: require('luasnip.loaders.from_snipmate')
066.096  000.160  000.160: require('luasnip.util.parser.neovim_ast')
066.619  000.521  000.521: require('luasnip.util.jsregexp')
066.622  000.916  000.235: require('luasnip.util.parser.ast_utils')
066.801  000.178  000.178: require('luasnip.nodes.functionNode')
067.058  000.256  000.256: require('luasnip.nodes.choiceNode')
067.367  000.308  000.308: require('luasnip.nodes.dynamicNode')
067.489  000.121  000.121: require('luasnip.util.functions')
067.493  001.990  000.210: require('luasnip.util.parser.ast_parser')
067.775  000.282  000.282: require('luasnip.util.parser.neovim_parser')
067.781  002.419  000.147: require('luasnip.util.parser')
067.927  000.145  000.145: require('luasnip.nodes.snippetProxy')
068.228  000.300  000.300: require('luasnip.util.jsonc')
068.235  003.198  000.334: require('luasnip.loaders.from_vscode')
069.081  003.338: opening buffers
069.155  000.074: BufEnter autocommands
069.157  000.002: editing files in windows
071.248  002.091: VimEnter autocommands
071.271  000.024: UIEnter autocommands
071.272  000.001: before starting main loop
071.430  000.021  000.021: require('vim._core.util')
071.497  000.204: first screen update
071.498  000.001: --- NVIM STARTED ---

